test1_run1 - INFO - *** Accepted necessary cookies ***
test1_run1 - INFO - *** Selected one-way flight option ***
test1_run1 - INFO - *** Entered origin: Vienna ***
test1_run1 - INFO - *** Entered destination: Nice ***
test1_run1 - INFO - *** Clicked departure date input box ***
test1_run1 - INFO - *** Selected date: Monday 15 September 2025 ***
test1_run1 - INFO - *** Getting Current Adults Count ***
test1_run1 - INFO - *** Current Adults Count: 1 ***
test1_run1 - INFO - *** Switching to new Page ***
test1_run1 - INFO - *** Clicked Start Booking button ***
test1_run1 - INFO - === New page opened successfully. ===
test1_run1 - INFO - === New page finished Loading ===
test1_run1 - INFO - *** Closing previous page ***
test1_run1 - INFO - === Previous Page Closed ===
test1_run1 - INFO - *** Switched to new ShowFlights page*** 
test1_run1 - INFO - Flight Outbound is visible on the new tab.
test1_run1 - INFO - Page URL is correct after redirection.
test2_run1 - INFO - *** Accepted necessary cookies ***
test2_run1 - INFO - *** Entered origin: Vienna ***
test2_run1 - INFO - *** Entered destination: Nice ***
test2_run1 - INFO - *** Clicked departure date input box ***
test2_run1 - INFO - *** Selected date: Monday 15 September 2025 ***
test2_run1 - INFO - *** Selected date: Saturday 18 October 2025 ***
test2_run1 - INFO - *** Getting Current Adults Count ***
test2_run1 - INFO - *** Current Adults Count: 1 ***
test2_run1 - INFO - *** Clicked Start Booking button ***
test2_run1 - INFO - Outbound Flight header is visible
test2_run1 - INFO - Return Flight header is visible.
test2_run1 - INFO - Redirected Page's URL is correct.
test3_run1 - INFO - *** Accepted necessary cookies ***
test3_run1 - INFO - *** Entered origin: Vienna ***
test3_run1 - INFO - *** Entered destination: Nice ***
test3_run1 - INFO - *** Clicked departure date input box ***
test3_run1 - INFO - *** Selected date: Monday 15 September 2025 ***
test3_run1 - INFO - *** No date provided, pressed Escape ***
test3_run1 - INFO - *** Getting Current Adults Count ***
test3_run1 - INFO - *** Current Adults Count: 1 ***
test3_run1 - INFO - *** Clicked Start Booking button ***
test3_run1 - INFO - Correct Error Message: Please select return date
test4_run1 - INFO - *** Accepted necessary cookies ***
test4_run1 - INFO - *** Selected one-way flight option ***
test4_run1 - INFO - *** Entered origin: Vienna ***
test4_run1 - INFO - *** Entered destination: Nice ***
test4_run1 - INFO - *** Clicked departure date input box ***
test4_run1 - INFO - *** Selected date: Monday 15 September 2025 ***
test4_run1 - INFO - *** Getting Current Adults Count ***
test4_run1 - INFO - *** Current Adults Count: 1 ***
test4_run1 - INFO - *** Getting Current Infants Count ***
test4_run1 - INFO - *** Current Infants Count: 0 ***
test4_run1 - INFO - *** Clicked Increase Button ***
test4_run1 - INFO - === Increased Infants count by 1, Current Count: 1 ===
test4_run1 - INFO - Infant Passenger increase button is correctly disabled.
